[dotenv@17.2.3] injecting env (13) from .env -- tip: ≡ƒùé∩╕Å backup and recover secrets: https://dotenvx.com/ops

Running 1 test using 1 worker

[1A[2K[dotenv@17.2.3] injecting env (0) from .env -- tip: ΓÜÖ∩╕Å  override existing env vars with { override: true }

[1A[2K[1/1] [chromium] ΓÇ║ tests\onboarding.spec.ts:27:5 ΓÇ║ Onboarding Flow ΓÇ║ should login and complete onboarding tour
[1A[2K[chromium] ΓÇ║ tests\onboarding.spec.ts:27:5 ΓÇ║ Onboarding Flow ΓÇ║ should login and complete onboarding tour
Creating test user: test.onboarding.1765907954822@gmail.com

[1A[2KLogged in successfully. URL:  http://localhost:3000/app

[1A[2KWaiting for Onboarding Tour...

[1A[2KStep 1 Visible. Clicking Next...

[1A[2KWaiting for Step 2...

[1A[2KDeleted test user: test.onboarding.1765907954822@gmail.com

[1A[2K  1) [chromium] ΓÇ║ tests\onboarding.spec.ts:27:5 ΓÇ║ Onboarding Flow ΓÇ║ should login and complete onboarding tour 

    Error: [2mexpect([22m[31mlocator[39m[2m).[22mtoBeVisible[2m([22m[2m)[22m failed

    Locator: locator('#tour-team-switcher')
    Expected: visible
    Timeout: 5000ms
    Error: element(s) not found

    Call log:
    [2m  - Expect "toBeVisible" with timeout 5000ms[22m
    [2m  - waiting for locator('#tour-team-switcher')[22m


      110 |         // Ensure the Sidebar is rendered and the ID exists (which was the original bug)
      111 |         // logic: step 2 targets #tour-team-switcher
    > 112 |         await expect(page.locator('#tour-team-switcher')).toBeVisible({ timeout: 5000 });
          |                                                           ^
      113 |         // Also check Joyride tooltip content
      114 |         await expect(page.locator('text=Manage your teams here')).toBeVisible({ timeout: 5000 });
      115 |
        at C:\Bruno\Projetos\contentSpark\tests\onboarding.spec.ts:112:59

    Error Context: test-results\onboarding-Onboarding-Flow-2e8c0-nd-complete-onboarding-tour-chromium\error-context.md


[1A[2K  1 failed
    [chromium] ΓÇ║ tests\onboarding.spec.ts:27:5 ΓÇ║ Onboarding Flow ΓÇ║ should login and complete onboarding tour 

[36m  Serving HTML report at http://localhost:20832. Press Ctrl+C to quit.[39m
